MO lcd NULL lcd.v vlg5F/lcd.bin 1228465742
MO counter NULL lcd.v vlg10/counter.bin 1228465742
MO anti NULL lcd.v vlg48/anti.bin 1228465742
MO time_1ms NULL lcd.v vlg7B/time__1ms.bin 1228465742
MO counter1 NULL lcd.v vlg01/counter1.bin 1228465742
MO counter2 NULL lcd.v vlg02/counter2.bin 1228465742
